- host:
    address: 127.0.0.1
    description: network host description
    title: network host (1)
