selected: 4
screenLayout: compact
enable_ssh_config: true
