selected: 4
screenLayout: description
enable_ssh_config: true
