selected: 2
screenLayout: group
enable_ssh_config: true
