selected: 9
group: ssh_config
enable_ssh_config: true
