- host:
    title: network host
    description: network host description
    address: 127.0.0.1
