selected: 2
screenLayout: description
enable_ssh_config: true
